// Jest Snapshot v1, https://goo.gl/fbAQLP

exports[`TextBox Component 1`] = `
<div
  className="tb"
>
  <p>
    Text
  </p>
  <p>
    More Text
  </p>
</div>
`;
