// Jest Snapshot v1, https://goo.gl/fbAQLP

exports[`App Component 1`] = `
<div>
  <h1>
    Admin App!
  </h1>
  <Connect(Title) />
  <Notification
    msg="Shh! This is the secret app!"
  />
</div>
`;
